[www.skyday.online/index.html]
[backblue.gif]
[fade.gif]
[index.html]
[www.skyday.online/index-2.html]
[www.skyday.online/maxcdn.bootstrapcdn.com/bootstrap/3.3.7/css/bootstrap.min.html]
[www.skyday.online/css/rawline.css]
[www.skyday.online/css2b9d3]
[www.skyday.online/css2-180d1]
[www.skyday.online/ajax/libs/font-awesome/6.0.0-beta2/css/all.min.5.delayed]
[www.skyday.online/assets/reset.html]
[external.html]
[www.skyday.online/assets/index.css]
[www.skyday.online/images/p3w6ywq.8.delayed]
[www.skyday.online/images/ss_80dd7a5f4e88a65412cac84b78c6eeb022540a47.1920x1080.9.delayed]
[www.skyday.online/images/ss_3807c3e237e02f1818b3cefe94ee3452cfe60d5b.600x338.a.delayed]
[www.skyday.online/index.html]
[www.skyday.online/attachments/977911163847335939/978229612872101888/TheSkyDay.b.delayed]
[www.skyday.online/index-2.html]
[www.skyday.online/maxcdn.bootstrapcdn.com/bootstrap/3.3.7/css/bootstrap.min.html]
[www.skyday.online/css/rawline.css]
[www.skyday.online/ajax/libs/font-awesome/6.0.0-beta2/css/all.min.html]
[www.skyday.online/assets/reset.html]
[www.skyday.online/assets/index.css]
[www.skyday.online/images/p3w6ywq.html]
[www.skyday.online/images/ss_80dd7a5f4e88a65412cac84b78c6eeb022540a47.1920x1080.html]
[www.skyday.online/images/ss_3807c3e237e02f1818b3cefe94ee3452cfe60d5b.600x338.html]
[www.skyday.online/attachments/977911163847335939/978229612872101888/TheSkyDay.html]
[www.skyday.online/assets/images/bg.jpg]
